<testsuite errors="0" failures="0" name="Django Project Tests" skips="0" tests="2" time="0.000"><testcase classname="animal.tests.AnimalTestCase" name="test_animals_can_speak" time="0.000000" /><testcase classname="animal.tests.AnimalTestCase" name="test_srt" time="0.000000" /></testsuite>